[2025-08-28 18:04:06] [1;33m开始登录镜像仓库：hub.deepflow.yunshan.net[0m
[2025-08-28 18:04:06] [0;31m错误：容器工具 docker 未安装或未配置到环境变量[0m
[2025-08-28 18:08:05] [1;33m开始登录镜像仓库：hub.deepflow.yunshan.net[0m
[2025-08-28 18:08:13] [1;32m仓库登录成功[0m
[2025-08-28 18:08:13] [1;33m开始从列表文件拉取镜像：/home/auto_packing_no_delete/latest_image_list/patch_image_tag_list.txt[0m
[2025-08-28 18:08:13] [1;33m镜像保存目录：/home/auto_packing_no_delete/image_tar[0m
[2025-08-28 18:08:13] [1;32m开始拉取镜像：hub.deepflow.yunshan.net/dev/deepflow-agent:v6.6.5602[0m
[2025-08-28 18:08:28] [1;32m镜像拉取成功：hub.deepflow.yunshan.net/dev/deepflow-agent:v6.6.5602[0m
[2025-08-28 18:08:28] [1;32m开始保存镜像到：/home/auto_packing_no_delete/image_tar/deepflow-agent_v6.6.5602.tar[0m
[2025-08-28 18:08:40] [1;32m镜像保存成功：/home/auto_packing_no_delete/image_tar/deepflow-agent_v6.6.5602.tar[0m
[2025-08-28 18:08:40] [1;32m开始拉取镜像：hub.deepflow.yunshan.net/dev/deepflow-server:v6.6.5602[0m
[2025-08-28 18:08:59] [1;32m镜像拉取成功：hub.deepflow.yunshan.net/dev/deepflow-server:v6.6.5602[0m
[2025-08-28 18:08:59] [1;32m开始保存镜像到：/home/auto_packing_no_delete/image_tar/deepflow-server_v6.6.5602.tar[0m
[2025-08-28 18:09:08] [1;32m镜像保存成功：/home/auto_packing_no_delete/image_tar/deepflow-server_v6.6.5602.tar[0m
[2025-08-28 18:09:08] [1;32m开始拉取镜像：hub.deepflow.yunshan.net/dev/manager:v6.6.743[0m
[2025-08-28 18:09:10] [1;32m镜像拉取成功：hub.deepflow.yunshan.net/dev/manager:v6.6.743[0m
[2025-08-28 18:09:10] [1;32m开始保存镜像到：/home/auto_packing_no_delete/image_tar/manager_v6.6.743.tar[0m
[2025-08-28 18:09:19] [1;32m镜像保存成功：/home/auto_packing_no_delete/image_tar/manager_v6.6.743.tar[0m
[2025-08-28 18:09:19] [1;32m开始拉取镜像：hub.deepflow.yunshan.net/dev/df-web-qiankun-core:v6.6.19024[0m
[2025-08-28 18:09:25] [1;32m镜像拉取成功：hub.deepflow.yunshan.net/dev/df-web-qiankun-core:v6.6.19024[0m
[2025-08-28 18:09:25] [1;32m开始保存镜像到：/home/auto_packing_no_delete/image_tar/df-web-qiankun-core_v6.6.19024.tar[0m
[2025-08-28 18:09:44] [1;32m镜像保存成功：/home/auto_packing_no_delete/image_tar/df-web-qiankun-core_v6.6.19024.tar[0m
[2025-08-28 18:09:44] [1;32m开始拉取镜像：hub.deepflow.yunshan.net/dev/df-web-qiankun-core-saas:v6.6.19024[0m
[2025-08-28 18:09:50] [1;32m镜像拉取成功：hub.deepflow.yunshan.net/dev/df-web-qiankun-core-saas:v6.6.19024[0m
[2025-08-28 18:09:50] [1;32m开始保存镜像到：/home/auto_packing_no_delete/image_tar/df-web-qiankun-core-saas_v6.6.19024.tar[0m
[2025-08-28 18:09:54] [1;32m镜像保存成功：/home/auto_packing_no_delete/image_tar/df-web-qiankun-core-saas_v6.6.19024.tar[0m
[2025-08-28 18:09:54] [1;32m开始拉取镜像：hub.deepflow.yunshan.net/dev/df-web-metrics-explore:v6.6.18972[0m
[2025-08-28 18:09:57] [1;32m镜像拉取成功：hub.deepflow.yunshan.net/dev/df-web-metrics-explore:v6.6.18972[0m
[2025-08-28 18:09:57] [1;32m开始保存镜像到：/home/auto_packing_no_delete/image_tar/df-web-metrics-explore_v6.6.18972.tar[0m
[2025-08-28 18:09:59] [1;32m镜像保存成功：/home/auto_packing_no_delete/image_tar/df-web-metrics-explore_v6.6.18972.tar[0m
[2025-08-28 18:09:59] [1;32m开始拉取镜像：hub.deepflow.yunshan.net/dev/querier-js:v6.6.18868[0m
[2025-08-28 18:10:00] [1;32m镜像拉取成功：hub.deepflow.yunshan.net/dev/querier-js:v6.6.18868[0m
[2025-08-28 18:10:00] [1;32m开始保存镜像到：/home/auto_packing_no_delete/image_tar/querier-js_v6.6.18868.tar[0m
[2025-08-28 18:10:06] [1;32m镜像保存成功：/home/auto_packing_no_delete/image_tar/querier-js_v6.6.18868.tar[0m
[2025-08-28 18:10:06] [1;32m开始拉取镜像：hub.deepflow.yunshan.net/dev/statistics:v6.6.2326[0m
[2025-08-28 18:10:08] [1;32m镜像拉取成功：hub.deepflow.yunshan.net/dev/statistics:v6.6.2326[0m
[2025-08-28 18:10:08] [1;32m开始保存镜像到：/home/auto_packing_no_delete/image_tar/statistics_v6.6.2326.tar[0m
[2025-08-28 18:10:20] [1;32m镜像保存成功：/home/auto_packing_no_delete/image_tar/statistics_v6.6.2326.tar[0m
[2025-08-28 18:10:20] [1;32m开始拉取镜像：hub.deepflow.yunshan.net/dev/pcap:v6.6.220[0m
[2025-08-28 18:10:32] [1;32m镜像拉取成功：hub.deepflow.yunshan.net/dev/pcap:v6.6.220[0m
[2025-08-28 18:10:32] [1;32m开始保存镜像到：/home/auto_packing_no_delete/image_tar/pcap_v6.6.220.tar[0m
[2025-08-28 18:10:41] [1;32m镜像保存成功：/home/auto_packing_no_delete/image_tar/pcap_v6.6.220.tar[0m
[2025-08-28 18:10:41] [1;32m开始拉取镜像：hub.deepflow.yunshan.net/dev/deepflow-app:v6.6.235[0m
[2025-08-28 18:11:08] [1;32m镜像拉取成功：hub.deepflow.yunshan.net/dev/deepflow-app:v6.6.235[0m
[2025-08-28 18:11:08] [1;32m开始保存镜像到：/home/auto_packing_no_delete/image_tar/deepflow-app_v6.6.235.tar[0m
[2025-08-28 18:11:20] [1;32m镜像保存成功：/home/auto_packing_no_delete/image_tar/deepflow-app_v6.6.235.tar[0m
[2025-08-28 18:11:20] [1;32m开始拉取镜像：hub.deepflow.yunshan.net/dev/alarm:v6.6.793[0m
[2025-08-28 18:11:31] [1;32m镜像拉取成功：hub.deepflow.yunshan.net/dev/alarm:v6.6.793[0m
[2025-08-28 18:11:31] [1;32m开始保存镜像到：/home/auto_packing_no_delete/image_tar/alarm_v6.6.793.tar[0m
[2025-08-28 18:11:39] [1;32m镜像保存成功：/home/auto_packing_no_delete/image_tar/alarm_v6.6.793.tar[0m
[2025-08-28 18:11:39] [1;32m开始拉取镜像：hub.deepflow.yunshan.net/dev/fauths:v6.6.653[0m
[2025-08-28 18:11:40] [1;32m镜像拉取成功：hub.deepflow.yunshan.net/dev/fauths:v6.6.653[0m
[2025-08-28 18:11:40] [1;32m开始保存镜像到：/home/auto_packing_no_delete/image_tar/fauths_v6.6.653.tar[0m
[2025-08-28 18:11:51] [1;32m镜像保存成功：/home/auto_packing_no_delete/image_tar/fauths_v6.6.653.tar[0m
[2025-08-28 18:11:52] [1;32m开始拉取镜像：hub.deepflow.yunshan.net/dev/warrant:v6.6.98[0m
[2025-08-28 18:11:54] [1;32m镜像拉取成功：hub.deepflow.yunshan.net/dev/warrant:v6.6.98[0m
[2025-08-28 18:11:54] [1;32m开始保存镜像到：/home/auto_packing_no_delete/image_tar/warrant_v6.6.98.tar[0m
[2025-08-28 18:11:55] [1;32m镜像保存成功：/home/auto_packing_no_delete/image_tar/warrant_v6.6.98.tar[0m
[2025-08-28 18:11:55] [1;32m开始拉取镜像：hub.deepflow.yunshan.net/dev/talker:v6.6.3036[0m
[2025-08-28 18:11:57] [1;32m镜像拉取成功：hub.deepflow.yunshan.net/dev/talker:v6.6.3036[0m
[2025-08-28 18:11:57] [1;32m开始保存镜像到：/home/auto_packing_no_delete/image_tar/talker_v6.6.3036.tar[0m
[2025-08-28 18:12:05] [1;32m镜像保存成功：/home/auto_packing_no_delete/image_tar/talker_v6.6.3036.tar[0m
[2025-08-28 18:12:05] [1;32m开始拉取镜像：hub.deepflow.yunshan.net/dev/report:v6.6.308[0m
[2025-08-28 18:12:07] [1;32m镜像拉取成功：hub.deepflow.yunshan.net/dev/report:v6.6.308[0m
[2025-08-28 18:12:07] [1;32m开始保存镜像到：/home/auto_packing_no_delete/image_tar/report_v6.6.308.tar[0m
[2025-08-28 18:12:20] [1;32m镜像保存成功：/home/auto_packing_no_delete/image_tar/report_v6.6.308.tar[0m
[2025-08-28 18:12:20] [1;32m===== 所有镜像处理完成！=====[0m
[2025-08-28 18:12:20] [1;37m镜像保存目录：[0;36m/home/auto_packing_no_delete/image_tar[0m
[2025-08-28 18:12:20] [1;37m日志文件路径：[0;36m/home/auto_packing_no_delete/logs/pull_save.log[0m
[2025-08-28 18:32:03] [1;33m开始登录镜像仓库：hub.deepflow.yunshan.net[0m
[2025-08-28 18:32:06] [1;32m仓库登录成功[0m
[2025-08-28 18:32:06] [1;33m开始从列表文件拉取镜像：/home/auto_packing_no_delete/latest_image_list/patch_image_tag_list.txt[0m
[2025-08-28 18:32:06] [1;33m镜像保存目录：/home/auto_packing_no_delete/image_tar[0m
[2025-08-28 18:32:06] [1;32m开始拉取镜像：hub.deepflow.yunshan.net/dev/deepflow-agent:v6.6.5602[0m
[2025-08-28 18:32:07] [1;32m镜像拉取成功：hub.deepflow.yunshan.net/dev/deepflow-agent:v6.6.5602[0m
[2025-08-28 18:32:07] [1;32m开始保存镜像到：/home/auto_packing_no_delete/image_tar/deepflow-agent_v6.6.5602.tar[0m
[2025-08-28 18:32:18] [1;32m镜像保存成功：/home/auto_packing_no_delete/image_tar/deepflow-agent_v6.6.5602.tar[0m
[2025-08-28 18:32:18] [1;32m开始拉取镜像：hub.deepflow.yunshan.net/dev/deepflow-app:v6.6.235[0m
[2025-08-28 18:32:20] [1;32m镜像拉取成功：hub.deepflow.yunshan.net/dev/deepflow-app:v6.6.235[0m
[2025-08-28 18:32:20] [1;32m开始保存镜像到：/home/auto_packing_no_delete/image_tar/deepflow-app_v6.6.235.tar[0m
[2025-08-28 18:32:31] [1;32m镜像保存成功：/home/auto_packing_no_delete/image_tar/deepflow-app_v6.6.235.tar[0m
[2025-08-28 18:32:31] [1;32m===== 所有镜像处理完成！=====[0m
[2025-08-28 18:32:31] [1;37m镜像保存目录：[0;36m/home/auto_packing_no_delete/image_tar[0m
[2025-08-28 18:32:31] [1;37m日志文件路径：[0;36m/home/auto_packing_no_delete/logs/pull_save.log[0m
[2025-08-29 10:14:54] [1;33m开始登录镜像仓库：hub.deepflow.yunshan.net[0m
[2025-08-29 10:14:57] [1;32m仓库登录成功[0m
[2025-08-29 10:14:57] [1;33m开始从列表文件拉取镜像：/home/auto_packing_no_delete/latest_image_list/patch_image_tag_list.txt[0m
[2025-08-29 10:14:57] [1;33m镜像保存目录：/home/auto_packing_no_delete/image_tar[0m
[2025-08-29 10:14:57] [1;32m开始拉取镜像：hub.deepflow.yunshan.net/dev/deepflow-agent:v6.6.5602[0m
[2025-08-29 10:14:59] [1;32m镜像拉取成功：hub.deepflow.yunshan.net/dev/deepflow-agent:v6.6.5602[0m
[2025-08-29 10:14:59] [1;32m开始保存镜像到：/home/auto_packing_no_delete/image_tar/deepflow-agent_v6.6.5602.tar[0m
[2025-08-29 10:15:11] [1;32m镜像保存成功：/home/auto_packing_no_delete/image_tar/deepflow-agent_v6.6.5602.tar[0m
[2025-08-29 10:15:11] [1;32m开始拉取镜像：hub.deepflow.yunshan.net/dev/deepflow-app:v6.6.235[0m
[2025-08-29 10:15:12] [1;32m镜像拉取成功：hub.deepflow.yunshan.net/dev/deepflow-app:v6.6.235[0m
[2025-08-29 10:15:12] [1;32m开始保存镜像到：/home/auto_packing_no_delete/image_tar/deepflow-app_v6.6.235.tar[0m
[2025-08-29 10:15:24] [1;32m镜像保存成功：/home/auto_packing_no_delete/image_tar/deepflow-app_v6.6.235.tar[0m
[2025-08-29 10:16:06] [1;33m开始登录镜像仓库：hub.deepflow.yunshan.net[0m
[2025-08-29 10:16:08] [1;32m仓库登录成功[0m
[2025-08-29 10:16:08] [1;33m开始从列表文件拉取镜像：/home/auto_packing_no_delete/latest_image_list/patch_image_tag_list.txt[0m
[2025-08-29 10:16:08] [1;33m镜像保存目录：/home/auto_packing_no_delete/image_tar[0m
[2025-08-29 10:16:08] [1;32m开始拉取镜像：hub.deepflow.yunshan.net/dev/deepflow-agent:v6.6.5602[0m
[2025-08-29 10:16:09] [1;32m镜像拉取成功：hub.deepflow.yunshan.net/dev/deepflow-agent:v6.6.5602[0m
[2025-08-29 10:16:09] [1;32m开始保存镜像到：/home/auto_packing_no_delete/image_tar/deepflow-agent_v6.6.5602.tar[0m
[2025-08-29 10:16:21] [1;32m镜像保存成功：/home/auto_packing_no_delete/image_tar/deepflow-agent_v6.6.5602.tar[0m
[2025-08-29 10:16:21] [1;32m开始拉取镜像：hub.deepflow.yunshan.net/dev/deepflow-app:v6.6.235[0m
[2025-08-29 10:16:23] [1;32m镜像拉取成功：hub.deepflow.yunshan.net/dev/deepflow-app:v6.6.235[0m
[2025-08-29 10:16:23] [1;32m开始保存镜像到：/home/auto_packing_no_delete/image_tar/deepflow-app_v6.6.235.tar[0m
[2025-08-29 10:16:34] [1;32m镜像保存成功：/home/auto_packing_no_delete/image_tar/deepflow-app_v6.6.235.tar[0m
[2025-08-29 10:16:34] [1;32m===== 所有镜像处理完成！=====[0m
[2025-08-29 10:16:34] [1;37m镜像保存目录：[0;36m/home/auto_packing_no_delete/image_tar[0m
[2025-08-29 10:16:34] [1;37m日志文件路径：[0;36m/home/auto_packing_no_delete/logs/pull_save.log[0m
[2025-08-29 10:17:27] [1;33m开始登录镜像仓库：hub.deepflow.yunshan.net[0m
[2025-08-29 10:17:29] [1;32m仓库登录成功[0m
[2025-08-29 10:17:29] [1;33m开始从列表文件拉取镜像：/home/auto_packing_no_delete/latest_image_list/patch_image_tag_list.txt[0m
[2025-08-29 10:17:29] [1;33m镜像保存目录：/home/auto_packing_no_delete/image_tar[0m
[2025-08-29 10:17:29] [1;32m开始拉取镜像：hub.deepflow.yunshan.net/dev/deepflow-agent:v6.6.5602[0m
[2025-08-29 10:17:30] [1;32m镜像拉取成功：hub.deepflow.yunshan.net/dev/deepflow-agent:v6.6.5602[0m
[2025-08-29 10:17:30] [1;32m开始保存镜像到：/home/auto_packing_no_delete/image_tar/deepflow-agent_v6.6.5602.tar[0m
[2025-08-29 10:17:43] [1;32m镜像保存成功：/home/auto_packing_no_delete/image_tar/deepflow-agent_v6.6.5602.tar[0m
[2025-08-29 10:17:43] [1;32m开始拉取镜像：hub.deepflow.yunshan.net/dev/deepflow-app:v6.6.235[0m
[2025-08-29 10:17:44] [1;32m镜像拉取成功：hub.deepflow.yunshan.net/dev/deepflow-app:v6.6.235[0m
[2025-08-29 10:17:44] [1;32m开始保存镜像到：/home/auto_packing_no_delete/image_tar/deepflow-app_v6.6.235.tar[0m
[2025-08-29 10:17:55] [1;32m镜像保存成功：/home/auto_packing_no_delete/image_tar/deepflow-app_v6.6.235.tar[0m
[2025-08-29 10:17:55] [1;32m===== 所有镜像处理完成！=====[0m
[2025-08-29 10:17:55] [1;37m镜像保存目录：[0;36m/home/auto_packing_no_delete/image_tar[0m
[2025-08-29 10:17:55] [1;37m日志文件路径：[0;36m/home/auto_packing_no_delete/logs/pull_save.log[0m
[2025-08-29 14:08:02] [1;33m开始登录镜像仓库：hub.deepflow.yunshan.net[0m
[2025-08-29 14:08:05] [1;32m仓库登录成功[0m
[2025-08-29 14:08:05] [1;33m开始从列表文件拉取镜像：/home/auto_packing_no_delete/latest_image_list/patch_image_tag_list.txt[0m
[2025-08-29 14:08:05] [1;33m镜像保存目录：/home/auto_packing_no_delete/image_tar[0m
[2025-08-29 14:08:05] [1;32m开始拉取镜像：hub.deepflow.yunshan.net/dev/deepflow-agent:v6.6.5602[0m
[2025-08-29 14:08:06] [1;32m镜像拉取成功：hub.deepflow.yunshan.net/dev/deepflow-agent:v6.6.5602[0m
[2025-08-29 14:08:06] [1;32m开始保存镜像到：/home/auto_packing_no_delete/image_tar/deepflow-agent_v6.6.5602.tar[0m
[2025-08-29 14:08:17] [1;32m镜像保存成功：/home/auto_packing_no_delete/image_tar/deepflow-agent_v6.6.5602.tar[0m
[2025-08-29 14:08:17] [1;32m开始拉取镜像：hub.deepflow.yunshan.net/dev/deepflow-app:v6.6.235[0m
[2025-08-29 14:08:18] [1;32m镜像拉取成功：hub.deepflow.yunshan.net/dev/deepflow-app:v6.6.235[0m
[2025-08-29 14:08:18] [1;32m开始保存镜像到：/home/auto_packing_no_delete/image_tar/deepflow-app_v6.6.235.tar[0m
[2025-08-29 14:08:30] [1;32m镜像保存成功：/home/auto_packing_no_delete/image_tar/deepflow-app_v6.6.235.tar[0m
[2025-08-29 14:08:30] [1;32m===== 所有镜像处理完成！=====[0m
[2025-08-29 14:08:30] [1;37m镜像保存目录：[0;36m/home/auto_packing_no_delete/image_tar[0m
[2025-08-29 14:08:30] [1;37m日志文件路径：[0;36m/home/auto_packing_no_delete/logs/pull_save.log[0m
[2025-09-19 16:04:40] [1;33m开始登录镜像仓库：hub.deepflow.yunshan.net[0m
[2025-09-19 16:04:49] [1;32m仓库登录成功[0m
[2025-09-19 16:04:49] [1;33m开始从列表文件拉取镜像：/home/auto_packing_no_delete/latest_image_list/patch_image_tag_list.txt[0m
[2025-09-19 16:04:49] [1;33m镜像保存目录：/home/auto_packing_no_delete/image_tar[0m
[2025-09-19 16:04:49] [1;32m开始拉取镜像：hub.deepflow.yunshan.net/dev/deepflow-agent:v6.6.5602[0m
[2025-09-19 16:04:50] [1;32m镜像拉取成功：hub.deepflow.yunshan.net/dev/deepflow-agent:v6.6.5602[0m
[2025-09-19 16:04:50] [1;32m开始保存镜像到：/home/auto_packing_no_delete/image_tar/deepflow-agent_v6.6.5602.tar[0m
[2025-09-19 16:05:08] [1;32m镜像保存成功：/home/auto_packing_no_delete/image_tar/deepflow-agent_v6.6.5602.tar[0m
[2025-09-19 16:05:08] [1;32m开始拉取镜像：hub.deepflow.yunshan.net/dev/deepflow-app:v6.6.235[0m
[2025-09-19 16:05:15] [1;32m镜像拉取成功：hub.deepflow.yunshan.net/dev/deepflow-app:v6.6.235[0m
[2025-09-19 16:05:15] [1;32m开始保存镜像到：/home/auto_packing_no_delete/image_tar/deepflow-app_v6.6.235.tar[0m
[2025-09-19 16:05:33] [1;32m镜像保存成功：/home/auto_packing_no_delete/image_tar/deepflow-app_v6.6.235.tar[0m
[2025-09-19 16:05:33] [1;32m===== 所有镜像处理完成！=====[0m
[2025-09-19 16:05:33] [1;37m镜像保存目录：[0;36m/home/auto_packing_no_delete/image_tar[0m
[2025-09-19 16:05:33] [1;37m日志文件路径：[0;36m/home/auto_packing_no_delete/logs/pull_save.log[0m
[2025-09-23 18:38:29] [1;33m开始登录镜像仓库：hub.deepflow.yunshan.net[0m
[2025-09-23 18:38:37] [1;32m仓库登录成功[0m
[2025-09-23 18:38:37] [1;33m开始从列表文件拉取镜像：/home/auto_packing_no_delete/latest_image_list/patch_image_tag_list.txt[0m
[2025-09-23 18:38:37] [1;33m镜像保存目录：/home/auto_packing_no_delete/image_tar[0m
[2025-09-23 18:38:37] [1;32m开始拉取镜像：hub.deepflow.yunshan.net/dev/deepflow-server:v6.6.5470[0m
[2025-09-23 18:38:59] [1;32m镜像拉取成功：hub.deepflow.yunshan.net/dev/deepflow-server:v6.6.5470[0m
[2025-09-23 18:38:59] [1;32m开始保存镜像到：/home/auto_packing_no_delete/image_tar/deepflow-server_v6.6.5470.tar[0m
[2025-09-23 18:39:08] [1;32m镜像保存成功：/home/auto_packing_no_delete/image_tar/deepflow-server_v6.6.5470.tar[0m
[2025-09-23 18:39:09] [1;32m开始拉取镜像：hub.deepflow.yunshan.net/dev/manager:v6.6.736[0m
[2025-09-23 18:39:17] [1;32m镜像拉取成功：hub.deepflow.yunshan.net/dev/manager:v6.6.736[0m
[2025-09-23 18:39:17] [1;32m开始保存镜像到：/home/auto_packing_no_delete/image_tar/manager_v6.6.736.tar[0m
[2025-09-23 18:39:28] [1;32m镜像保存成功：/home/auto_packing_no_delete/image_tar/manager_v6.6.736.tar[0m
[2025-09-23 18:39:28] [1;32m===== 所有镜像处理完成！=====[0m
[2025-09-23 18:39:28] [1;37m镜像保存目录：[0;36m/home/auto_packing_no_delete/image_tar[0m
[2025-09-23 18:39:28] [1;37m日志文件路径：[0;36m/home/auto_packing_no_delete/logs/pull_save.log[0m
[2025-09-23 18:42:26] [1;33m开始登录镜像仓库：hub.deepflow.yunshan.net[0m
[2025-09-23 18:42:33] [1;32m仓库登录成功[0m
[2025-09-23 18:42:33] [1;33m开始从列表文件拉取镜像：/home/auto_packing_no_delete/latest_image_list/patch_image_tag_list.txt[0m
[2025-09-23 18:42:33] [1;33m镜像保存目录：/home/auto_packing_no_delete/image_tar[0m
[2025-09-23 18:42:33] [1;32m开始拉取镜像：hub.deepflow.yunshan.net/dev/deepflow-server:v6.6.5470[0m
[2025-09-23 18:42:35] [1;32m镜像拉取成功：hub.deepflow.yunshan.net/dev/deepflow-server:v6.6.5470[0m
[2025-09-23 18:42:35] [1;32m开始保存镜像到：/home/auto_packing_no_delete/image_tar/deepflow-server_v6.6.5470.tar[0m
[2025-09-23 18:42:46] [1;32m镜像保存成功：/home/auto_packing_no_delete/image_tar/deepflow-server_v6.6.5470.tar[0m
[2025-09-23 18:42:46] [1;32m开始拉取镜像：hub.deepflow.yunshan.net/dev/manager:v6.6.736[0m
[2025-09-23 18:42:47] [1;32m镜像拉取成功：hub.deepflow.yunshan.net/dev/manager:v6.6.736[0m
[2025-09-23 18:42:47] [1;32m开始保存镜像到：/home/auto_packing_no_delete/image_tar/manager_v6.6.736.tar[0m
[2025-09-23 18:42:57] [1;32m镜像保存成功：/home/auto_packing_no_delete/image_tar/manager_v6.6.736.tar[0m
[2025-09-23 18:42:57] [1;32m===== 所有镜像处理完成！=====[0m
[2025-09-23 18:42:57] [1;37m镜像保存目录：[0;36m/home/auto_packing_no_delete/image_tar[0m
[2025-09-23 18:42:57] [1;37m日志文件路径：[0;36m/home/auto_packing_no_delete/logs/pull_save.log[0m
[2025-09-24 16:18:11] [1;33m开始登录镜像仓库：hub.deepflow.yunshan.net[0m
[2025-09-24 16:18:20] [1;32m仓库登录成功[0m
[2025-09-24 16:18:20] [1;33m开始从列表文件拉取镜像：/home/auto_packing_no_delete/latest_image_list/patch_image_tag_list.txt[0m
[2025-09-24 16:18:20] [1;33m镜像保存目录：/home/auto_packing_no_delete/image_tar/01-20250430-26798-BUG_to_02-20250507-4570-BUG_task_1758701888[0m
[2025-09-24 16:18:20] [1;32m开始拉取镜像：hub.deepflow.yunshan.net/dev/deepflow-server:v6.6.5470[0m
[2025-09-24 16:18:27] [1;32m镜像拉取成功：hub.deepflow.yunshan.net/dev/deepflow-server:v6.6.5470[0m
[2025-09-24 16:18:27] [1;32m开始保存镜像到：/home/auto_packing_no_delete/image_tar/01-20250430-26798-BUG_to_02-20250507-4570-BUG_task_1758701888/deepflow-server_v6.6.5470.tar[0m
[2025-09-24 16:18:39] [1;32m镜像保存成功：/home/auto_packing_no_delete/image_tar/01-20250430-26798-BUG_to_02-20250507-4570-BUG_task_1758701888/deepflow-server_v6.6.5470.tar[0m
[2025-09-24 16:18:39] [1;32m开始拉取镜像：hub.deepflow.yunshan.net/dev/manager:v6.6.736[0m
[2025-09-24 16:18:40] [1;32m镜像拉取成功：hub.deepflow.yunshan.net/dev/manager:v6.6.736[0m
[2025-09-24 16:18:40] [1;32m开始保存镜像到：/home/auto_packing_no_delete/image_tar/01-20250430-26798-BUG_to_02-20250507-4570-BUG_task_1758701888/manager_v6.6.736.tar[0m
[2025-09-24 16:18:55] [1;32m镜像保存成功：/home/auto_packing_no_delete/image_tar/01-20250430-26798-BUG_to_02-20250507-4570-BUG_task_1758701888/manager_v6.6.736.tar[0m
[2025-09-24 16:18:55] [1;32m===== 所有镜像处理完成！=====[0m
[2025-09-24 16:18:55] [1;37m镜像保存目录：[0;36m/home/auto_packing_no_delete/image_tar/01-20250430-26798-BUG_to_02-20250507-4570-BUG_task_1758701888[0m
[2025-09-24 16:18:55] [1;37m日志文件路径：[0;36m/home/auto_packing_no_delete/logs/pull_save.log[0m
[2025-09-24 16:20:31] [1;33m开始登录镜像仓库：hub.deepflow.yunshan.net[0m
[2025-09-24 16:20:43] [1;32m仓库登录成功[0m
[2025-09-24 16:20:43] [1;33m开始从列表文件拉取镜像：/home/auto_packing_no_delete/latest_image_list/patch_image_tag_list.txt[0m
[2025-09-24 16:20:43] [1;33m镜像保存目录：/home/auto_packing_no_delete/image_tar/02-20250507-4570-BUG_to_03-20250508-4572-FEATURE_task_1758702028[0m
[2025-09-24 16:20:43] [1;32m开始拉取镜像：hub.deepflow.yunshan.net/dev/deepflow-agent:v6.6.5471[0m
[2025-09-24 16:21:12] [1;32m镜像拉取成功：hub.deepflow.yunshan.net/dev/deepflow-agent:v6.6.5471[0m
[2025-09-24 16:21:12] [1;32m开始保存镜像到：/home/auto_packing_no_delete/image_tar/02-20250507-4570-BUG_to_03-20250508-4572-FEATURE_task_1758702028/deepflow-agent_v6.6.5471.tar[0m
[2025-09-24 16:21:31] [1;32m镜像保存成功：/home/auto_packing_no_delete/image_tar/02-20250507-4570-BUG_to_03-20250508-4572-FEATURE_task_1758702028/deepflow-agent_v6.6.5471.tar[0m
[2025-09-24 16:21:31] [1;32m开始拉取镜像：hub.deepflow.yunshan.net/dev/deepflow-server:v6.6.5471[0m
[2025-09-24 16:22:01] [1;32m镜像拉取成功：hub.deepflow.yunshan.net/dev/deepflow-server:v6.6.5471[0m
[2025-09-24 16:22:01] [1;32m开始保存镜像到：/home/auto_packing_no_delete/image_tar/02-20250507-4570-BUG_to_03-20250508-4572-FEATURE_task_1758702028/deepflow-server_v6.6.5471.tar[0m
[2025-09-24 16:22:14] [1;32m镜像保存成功：/home/auto_packing_no_delete/image_tar/02-20250507-4570-BUG_to_03-20250508-4572-FEATURE_task_1758702028/deepflow-server_v6.6.5471.tar[0m
[2025-09-24 16:22:14] [1;32m===== 所有镜像处理完成！=====[0m
[2025-09-24 16:22:14] [1;37m镜像保存目录：[0;36m/home/auto_packing_no_delete/image_tar/02-20250507-4570-BUG_to_03-20250508-4572-FEATURE_task_1758702028[0m
[2025-09-24 16:22:14] [1;37m日志文件路径：[0;36m/home/auto_packing_no_delete/logs/pull_save.log[0m
[2025-09-24 16:38:39] [1;33m开始登录镜像仓库：hub.deepflow.yunshan.net[0m
[2025-09-24 16:38:47] [1;32m仓库登录成功[0m
[2025-09-24 16:38:48] [1;33m开始从列表文件拉取镜像：/home/auto_packing_no_delete/latest_image_list/patch_image_tag_list.txt[0m
[2025-09-24 16:38:48] [1;33m镜像保存目录：/home/auto_packing_no_delete/image_tar/10-20250520-26819-FEATURE_to_11-20250526-4526-BUG_task_1758703116[0m
[2025-09-24 16:38:48] [1;32m===== 所有镜像处理完成！=====[0m
[2025-09-24 16:38:48] [1;37m镜像保存目录：[0;36m/home/auto_packing_no_delete/image_tar/10-20250520-26819-FEATURE_to_11-20250526-4526-BUG_task_1758703116[0m
[2025-09-24 16:38:48] [1;37m日志文件路径：[0;36m/home/auto_packing_no_delete/logs/pull_save.log[0m
[2025-09-24 16:39:38] [1;33m开始登录镜像仓库：hub.deepflow.yunshan.net[0m
[2025-09-24 16:39:41] [1;32m仓库登录成功[0m
[2025-09-24 16:39:41] [1;33m开始从列表文件拉取镜像：/home/auto_packing_no_delete/latest_image_list/patch_image_tag_list.txt[0m
[2025-09-24 16:39:41] [1;33m镜像保存目录：/home/auto_packing_no_delete/image_tar/01-20250430-26798-BUG_to_02-20250507-4570-BUG_task_1758703175[0m
[2025-09-24 16:39:41] [1;32m开始拉取镜像：hub.deepflow.yunshan.net/dev/deepflow-server:v6.6.5470[0m
[2025-09-24 16:39:47] [1;32m镜像拉取成功：hub.deepflow.yunshan.net/dev/deepflow-server:v6.6.5470[0m
[2025-09-24 16:39:47] [1;32m开始保存镜像到：/home/auto_packing_no_delete/image_tar/01-20250430-26798-BUG_to_02-20250507-4570-BUG_task_1758703175/deepflow-server_v6.6.5470.tar[0m
[2025-09-24 16:40:00] [1;32m镜像保存成功：/home/auto_packing_no_delete/image_tar/01-20250430-26798-BUG_to_02-20250507-4570-BUG_task_1758703175/deepflow-server_v6.6.5470.tar[0m
[2025-09-24 16:40:00] [1;32m开始拉取镜像：hub.deepflow.yunshan.net/dev/manager:v6.6.736[0m
[2025-09-24 16:40:02] [1;32m镜像拉取成功：hub.deepflow.yunshan.net/dev/manager:v6.6.736[0m
[2025-09-24 16:40:02] [1;32m开始保存镜像到：/home/auto_packing_no_delete/image_tar/01-20250430-26798-BUG_to_02-20250507-4570-BUG_task_1758703175/manager_v6.6.736.tar[0m
[2025-09-24 16:40:13] [1;32m镜像保存成功：/home/auto_packing_no_delete/image_tar/01-20250430-26798-BUG_to_02-20250507-4570-BUG_task_1758703175/manager_v6.6.736.tar[0m
[2025-09-24 16:40:13] [1;32m===== 所有镜像处理完成！=====[0m
[2025-09-24 16:40:13] [1;37m镜像保存目录：[0;36m/home/auto_packing_no_delete/image_tar/01-20250430-26798-BUG_to_02-20250507-4570-BUG_task_1758703175[0m
[2025-09-24 16:40:13] [1;37m日志文件路径：[0;36m/home/auto_packing_no_delete/logs/pull_save.log[0m
[2025-09-24 16:56:31] [1;33m开始登录镜像仓库：hub.deepflow.yunshan.net[0m
[2025-09-24 16:56:36] [1;32m仓库登录成功[0m
[2025-09-24 16:56:36] [1;33m开始从列表文件拉取镜像：/home/auto_packing_no_delete/latest_image_list/patch_image_tag_list.txt[0m
[2025-09-24 16:56:36] [1;33m镜像保存目录：/home/auto_packing_no_delete/images/01-20250430-26798-BUG_to_02-20250507-4570-BUG_task_1758704188[0m
[2025-09-24 16:56:36] [1;32m开始拉取镜像：hub.deepflow.yunshan.net/dev/deepflow-server:v6.6.5470[0m
[2025-09-24 16:56:37] [1;32m镜像拉取成功：hub.deepflow.yunshan.net/dev/deepflow-server:v6.6.5470[0m
[2025-09-24 16:56:37] [1;32m开始保存镜像到：/home/auto_packing_no_delete/images/01-20250430-26798-BUG_to_02-20250507-4570-BUG_task_1758704188/deepflow-server_v6.6.5470.tar[0m
[2025-09-24 16:56:47] [1;32m镜像保存成功：/home/auto_packing_no_delete/images/01-20250430-26798-BUG_to_02-20250507-4570-BUG_task_1758704188/deepflow-server_v6.6.5470.tar[0m
[2025-09-24 16:56:47] [1;32m开始拉取镜像：hub.deepflow.yunshan.net/dev/manager:v6.6.736[0m
[2025-09-24 16:56:54] [1;32m镜像拉取成功：hub.deepflow.yunshan.net/dev/manager:v6.6.736[0m
[2025-09-24 16:56:54] [1;32m开始保存镜像到：/home/auto_packing_no_delete/images/01-20250430-26798-BUG_to_02-20250507-4570-BUG_task_1758704188/manager_v6.6.736.tar[0m
[2025-09-24 16:57:01] [1;32m镜像保存成功：/home/auto_packing_no_delete/images/01-20250430-26798-BUG_to_02-20250507-4570-BUG_task_1758704188/manager_v6.6.736.tar[0m
[2025-09-24 16:57:01] [1;32m===== 所有镜像处理完成！=====[0m
[2025-09-24 16:57:01] [1;37m镜像保存目录：[0;36m/home/auto_packing_no_delete/images/01-20250430-26798-BUG_to_02-20250507-4570-BUG_task_1758704188[0m
[2025-09-24 16:57:01] [1;37m日志文件路径：[0;36m/home/auto_packing_no_delete/logs/pull_save.log[0m
[2025-09-24 18:13:10] [1;33m开始登录镜像仓库：hub.deepflow.yunshan.net[0m
[2025-09-24 18:13:14] [1;32m仓库登录成功[0m
[2025-09-24 18:13:14] [1;33m开始从列表文件拉取镜像：/home/auto_packing_no_delete/latest_image_list/patch_image_tag_list.txt[0m
[2025-09-24 18:13:14] [1;33m镜像保存目录：/home/auto_packing_no_delete/images/01-20250430-26798-BUG_to_02-20250507-4570-BUG_build_01-20250_to_02-20250_1758708786[0m
[2025-09-24 18:13:14] [1;32m开始拉取镜像：hub.deepflow.yunshan.net/dev/deepflow-server:v6.6.5470[0m
[2025-09-24 18:13:16] [1;32m镜像拉取成功：hub.deepflow.yunshan.net/dev/deepflow-server:v6.6.5470[0m
[2025-09-24 18:13:16] [1;32m开始保存镜像到：/home/auto_packing_no_delete/images/01-20250430-26798-BUG_to_02-20250507-4570-BUG_build_01-20250_to_02-20250_1758708786/deepflow-server_v6.6.5470.tar[0m
[2025-09-24 18:13:31] [1;32m镜像保存成功：/home/auto_packing_no_delete/images/01-20250430-26798-BUG_to_02-20250507-4570-BUG_build_01-20250_to_02-20250_1758708786/deepflow-server_v6.6.5470.tar[0m
[2025-09-24 18:13:31] [1;32m开始拉取镜像：hub.deepflow.yunshan.net/dev/manager:v6.6.736[0m
[2025-09-24 18:13:32] [1;32m镜像拉取成功：hub.deepflow.yunshan.net/dev/manager:v6.6.736[0m
[2025-09-24 18:13:32] [1;32m开始保存镜像到：/home/auto_packing_no_delete/images/01-20250430-26798-BUG_to_02-20250507-4570-BUG_build_01-20250_to_02-20250_1758708786/manager_v6.6.736.tar[0m
[2025-09-24 18:13:46] [1;32m镜像保存成功：/home/auto_packing_no_delete/images/01-20250430-26798-BUG_to_02-20250507-4570-BUG_build_01-20250_to_02-20250_1758708786/manager_v6.6.736.tar[0m
[2025-09-24 18:13:46] [1;32m===== 所有镜像处理完成！=====[0m
[2025-09-24 18:13:46] [1;37m镜像保存目录：[0;36m/home/auto_packing_no_delete/images/01-20250430-26798-BUG_to_02-20250507-4570-BUG_build_01-20250_to_02-20250_1758708786[0m
[2025-09-24 18:13:46] [1;37m日志文件路径：[0;36m/home/auto_packing_no_delete/logs/pull_save.log[0m
[2025-09-24 18:22:06] [1;33m开始登录镜像仓库：hub.deepflow.yunshan.net[0m
[2025-09-24 18:22:09] [1;32m仓库登录成功[0m
[2025-09-24 18:22:09] [1;33m开始从列表文件拉取镜像：/home/auto_packing_no_delete/latest_image_list/patch_image_tag_list.txt[0m
[2025-09-24 18:22:09] [1;33m镜像保存目录：/home/auto_packing_no_delete/images/04-20250507-4587-BUG_to_05-20250514-4599-BUG_build_04-20250_to_05-20250_1758709323[0m
[2025-09-24 18:22:09] [1;32m开始拉取镜像：hub.deepflow.yunshan.net/dev/deepflow-server:v6.6.5477[0m
[2025-09-24 18:22:43] [1;32m镜像拉取成功：hub.deepflow.yunshan.net/dev/deepflow-server:v6.6.5477[0m
[2025-09-24 18:22:43] [1;32m开始保存镜像到：/home/auto_packing_no_delete/images/04-20250507-4587-BUG_to_05-20250514-4599-BUG_build_04-20250_to_05-20250_1758709323/deepflow-server_v6.6.5477.tar[0m
[2025-09-24 18:22:56] [1;32m镜像保存成功：/home/auto_packing_no_delete/images/04-20250507-4587-BUG_to_05-20250514-4599-BUG_build_04-20250_to_05-20250_1758709323/deepflow-server_v6.6.5477.tar[0m
[2025-09-24 18:22:56] [1;32m===== 所有镜像处理完成！=====[0m
[2025-09-24 18:22:56] [1;37m镜像保存目录：[0;36m/home/auto_packing_no_delete/images/04-20250507-4587-BUG_to_05-20250514-4599-BUG_build_04-20250_to_05-20250_1758709323[0m
[2025-09-24 18:22:56] [1;37m日志文件路径：[0;36m/home/auto_packing_no_delete/logs/pull_save.log[0m
[2025-09-24 18:26:59] [1;33m开始登录镜像仓库：hub.deepflow.yunshan.net[0m
[2025-09-24 18:27:10] [0;31m错误：仓库登录失败！请检查账号密码或网络连接[0m
[2025-09-24 18:35:20] [1;33m开始登录镜像仓库：hub.deepflow.yunshan.net[0m
[2025-09-24 18:35:34] [1;32m仓库登录成功[0m
[2025-09-24 18:35:34] [1;33m开始从列表文件拉取镜像：/home/auto_packing_no_delete/latest_image_list/patch_image_tag_list.txt[0m
[2025-09-24 18:35:34] [1;33m镜像保存目录：/home/auto_packing_no_delete/images/78-20250919-5186-BUG_to_79-20250919-5189-BUG_build_78-20250_to_79-20250_1758710117[0m
[2025-09-24 18:35:34] [1;32m开始拉取镜像：hub.deepflow.yunshan.net/dev/deepflow-server:v6.6.5622[0m
[2025-09-24 18:36:02] [1;32m镜像拉取成功：hub.deepflow.yunshan.net/dev/deepflow-server:v6.6.5622[0m
[2025-09-24 18:36:03] [1;32m开始保存镜像到：/home/auto_packing_no_delete/images/78-20250919-5186-BUG_to_79-20250919-5189-BUG_build_78-20250_to_79-20250_1758710117/deepflow-server_v6.6.5622.tar[0m
[2025-09-24 18:36:17] [1;32m镜像保存成功：/home/auto_packing_no_delete/images/78-20250919-5186-BUG_to_79-20250919-5189-BUG_build_78-20250_to_79-20250_1758710117/deepflow-server_v6.6.5622.tar[0m
[2025-09-24 18:36:17] [1;32m===== 所有镜像处理完成！=====[0m
[2025-09-24 18:36:17] [1;37m镜像保存目录：[0;36m/home/auto_packing_no_delete/images/78-20250919-5186-BUG_to_79-20250919-5189-BUG_build_78-20250_to_79-20250_1758710117[0m
[2025-09-24 18:36:17] [1;37m日志文件路径：[0;36m/home/auto_packing_no_delete/logs/pull_save.log[0m
[2025-09-24 18:42:25] [1;33m开始登录镜像仓库：hub.deepflow.yunshan.net[0m
[2025-09-24 18:42:38] [1;32m仓库登录成功[0m
[2025-09-24 18:42:38] [1;33m开始从列表文件拉取镜像：/home/auto_packing_no_delete/latest_image_list/patch_image_tag_list.txt[0m
[2025-09-24 18:42:38] [1;33m镜像保存目录：/home/auto_packing_no_delete/images/76-20250912-5154-BUG_to_77-20250916-5172-BUG_build_76-20250_to_77-20250_1758710542[0m
[2025-09-24 18:42:38] [1;32m开始拉取镜像：hub.deepflow.yunshan.net/dev/statistics:v6.6.2331[0m
[2025-09-24 18:42:44] [1;32m镜像拉取成功：hub.deepflow.yunshan.net/dev/statistics:v6.6.2331[0m
[2025-09-24 18:42:44] [1;32m开始保存镜像到：/home/auto_packing_no_delete/images/76-20250912-5154-BUG_to_77-20250916-5172-BUG_build_76-20250_to_77-20250_1758710542/statistics_v6.6.2331.tar[0m
[2025-09-24 18:43:01] [1;32m镜像保存成功：/home/auto_packing_no_delete/images/76-20250912-5154-BUG_to_77-20250916-5172-BUG_build_76-20250_to_77-20250_1758710542/statistics_v6.6.2331.tar[0m
[2025-09-24 18:43:01] [1;32m===== 所有镜像处理完成！=====[0m
[2025-09-24 18:43:01] [1;37m镜像保存目录：[0;36m/home/auto_packing_no_delete/images/76-20250912-5154-BUG_to_77-20250916-5172-BUG_build_76-20250_to_77-20250_1758710542[0m
[2025-09-24 18:43:01] [1;37m日志文件路径：[0;36m/home/auto_packing_no_delete/logs/pull_save.log[0m
